
> sokomind@0.1.0 lint
> eslint .


C:\Users\Willp\Code\GitHub\Sokomind\SokomindSolver\test-results\project-audit-2026-09-12\exact-differential.mjs
  28:51  error  'AbortController' is not defined  no-undef
  28:84  error  'performance' is not defined      no-undef
  34:1   error  'console' is not defined          no-undef

C:\Users\Willp\Code\GitHub\Sokomind\SokomindSolver\test-results\project-audit-2026-09-12\reproduce.mjs
  31:1   error  'console' is not defined          no-undef
  45:1   error  'console' is not defined          no-undef
  52:47  error  'URL' is not defined              no-undef
  55:1   error  'console' is not defined          no-undef
  66:42  error  'queueMicrotask' is not defined   no-undef
  75:3   error  'console' is not defined          no-undef
  84:32  error  'AbortController' is not defined  no-undef
  84:65  error  'performance' is not defined      no-undef
  97:1   error  'console' is not defined          no-undef

C:\Users\Willp\Code\GitHub\Sokomind\SokomindSolver\test-results\project-audit-2026-09-12\search-differential.mjs
  36:34  error  'AbortController' is not defined  no-undef
  36:67  error  'performance' is not defined      no-undef
  48:25  error  'URL' is not defined              no-undef
  49:7   error  'console' is not defined          no-undef
  55:30  error  'console' is not defined          no-undef
  58:1   error  'console' is not defined          no-undef

✖ 18 problems (18 errors, 0 warnings)

